// Jest Snapshot v1, https://goo.gl/fbAQLP

exports[`Quotes component renders correctly when an error occurs 1`] = `
<DocumentFragment>
  <div
    class="status"
  >
    Loading......
  </div>
</DocumentFragment>
`;

exports[`Quotes component renders correctly when loading 1`] = `
<DocumentFragment>
  <div
    class="status"
  >
    Loading......
  </div>
</DocumentFragment>
`;

exports[`Quotes component renders correctly with quotes 1`] = `
<DocumentFragment>
  <div
    class="status"
  >
    Loading......
  </div>
</DocumentFragment>
`;
